# This file contains comma-separated alias mappings like:
#
# torch=SomeCoolMod.cool_torch,SomeOtherMod.other_torch
#
# Block names on the right side of the mapping will be counted as if they were 
# blocks on the left side, with the exception of blocks that are mentioned in
# an expansion.
# (So if an expansion had a different sound for the cool_torch, it wouldn't get
# dealiased as the torch.)
#
# Tip: restart MAtmos to reload the aliases without restarting Minecraft

stone=terrafirmacraftplus:StoneIgIn,terrafirmacraftplus:StoneIgEx,terrafirmacraftplus:StoneSed,terrafirmacraftplus:StoneMM
dirt=terrafirmacraftplus:Dirt,terrafirmacraftplus:Dirt2
grass=terrafirmacraftplus:Grass,terrafirmacraftplus:Grass2,terrafirmacraftplus:ClayGrass,terrafirmacraftplus:ClayGrass2,terrafirmacraftplus:PeatGrass,terrafirmacraftplus:DryGrass,terrafirmacraftplus:DryGrass2
leaves=terrafirmacraftplus:leaves,terrafirmacraftplus:leaves2
water=terrafirmacraftplus:SaltWater,terrafirmacraftplus:SaltWaterStationary,terrafirmacraftplus:FreshWater,terrafirmacraftplus:FreshWaterStationary,terrafirmacraftplus:HotWater,terrafirmacraftplus:HotWaterStationary
sand=terrafirmacraftplus:Sand,terrafirmacraftplus:Sand2
torch=terrafirmacraftplus:Torch
snow_layer=terrafirmacraftplus:Snow
ice=terrafirmacraftplus:Ice